Archive member included to satisfy reference by file (symbol)

e:/mounriver_studio2/resources/app/resources/win32/components/wch/toolchain/risc-v embedded gcc12/bin/../lib/gcc/riscv-wch-elf/12.2.0/rv32ec_zmmul_xw/ilp32e\libgcc.a(addsf3.o)
                              ./User/main.o (__addsf3)
e:/mounriver_studio2/resources/app/resources/win32/components/wch/toolchain/risc-v embedded gcc12/bin/../lib/gcc/riscv-wch-elf/12.2.0/rv32ec_zmmul_xw/ilp32e\libgcc.a(divsf3.o)
                              ./User/main.o (__divsf3)
e:/mounriver_studio2/resources/app/resources/win32/components/wch/toolchain/risc-v embedded gcc12/bin/../lib/gcc/riscv-wch-elf/12.2.0/rv32ec_zmmul_xw/ilp32e\libgcc.a(gesf2.o)
                              ./User/main.o (__gesf2)
e:/mounriver_studio2/resources/app/resources/win32/components/wch/toolchain/risc-v embedded gcc12/bin/../lib/gcc/riscv-wch-elf/12.2.0/rv32ec_zmmul_xw/ilp32e\libgcc.a(lesf2.o)
                              ./User/main.o (__lesf2)
e:/mounriver_studio2/resources/app/resources/win32/components/wch/toolchain/risc-v embedded gcc12/bin/../lib/gcc/riscv-wch-elf/12.2.0/rv32ec_zmmul_xw/ilp32e\libgcc.a(mulsf3.o)
                              ./User/OLED.o (__mulsf3)
e:/mounriver_studio2/resources/app/resources/win32/components/wch/toolchain/risc-v embedded gcc12/bin/../lib/gcc/riscv-wch-elf/12.2.0/rv32ec_zmmul_xw/ilp32e\libgcc.a(subsf3.o)
                              ./User/main.o (__subsf3)
e:/mounriver_studio2/resources/app/resources/win32/components/wch/toolchain/risc-v embedded gcc12/bin/../lib/gcc/riscv-wch-elf/12.2.0/rv32ec_zmmul_xw/ilp32e\libgcc.a(fixunssfsi.o)
                              ./User/OLED.o (__fixunssfsi)
e:/mounriver_studio2/resources/app/resources/win32/components/wch/toolchain/risc-v embedded gcc12/bin/../lib/gcc/riscv-wch-elf/12.2.0/rv32ec_zmmul_xw/ilp32e\libgcc.a(floatsisf.o)
                              ./User/main.o (__floatsisf)
e:/mounriver_studio2/resources/app/resources/win32/components/wch/toolchain/risc-v embedded gcc12/bin/../lib/gcc/riscv-wch-elf/12.2.0/rv32ec_zmmul_xw/ilp32e\libgcc.a(floatunsisf.o)
                              ./User/main.o (__floatunsisf)
e:/mounriver_studio2/resources/app/resources/win32/components/wch/toolchain/risc-v embedded gcc12/bin/../lib/gcc/riscv-wch-elf/12.2.0/rv32ec_zmmul_xw/ilp32e\libgcc.a(save-restore.o)
                              ./User/OLED.o (__riscv_save_2)
e:/mounriver_studio2/resources/app/resources/win32/components/wch/toolchain/risc-v embedded gcc12/bin/../lib/gcc/riscv-wch-elf/12.2.0/rv32ec_zmmul_xw/ilp32e\libgcc.a(div.o)
                              ./User/system_ch32v00X.o (__divsi3)
e:/mounriver_studio2/resources/app/resources/win32/components/wch/toolchain/risc-v embedded gcc12/bin/../lib/gcc/riscv-wch-elf/12.2.0/rv32ec_zmmul_xw/ilp32e\libgcc.a(_clzsi2.o)
                              e:/mounriver_studio2/resources/app/resources/win32/components/wch/toolchain/risc-v embedded gcc12/bin/../lib/gcc/riscv-wch-elf/12.2.0/rv32ec_zmmul_xw/ilp32e\libgcc.a(addsf3.o) (__clzsi2)
e:/mounriver_studio2/resources/app/resources/win32/components/wch/toolchain/risc-v embedded gcc12/bin/../lib/gcc/riscv-wch-elf/12.2.0/rv32ec_zmmul_xw/ilp32e\libgcc.a(_clz.o)
                              e:/mounriver_studio2/resources/app/resources/win32/components/wch/toolchain/risc-v embedded gcc12/bin/../lib/gcc/riscv-wch-elf/12.2.0/rv32ec_zmmul_xw/ilp32e\libgcc.a(_clzsi2.o) (__clz_tab)
e:/mounriver_studio2/resources/app/resources/win32/components/wch/toolchain/risc-v embedded gcc12/bin/../lib/gcc/riscv-wch-elf/12.2.0/../../../../riscv-wch-elf/lib/rv32ec_zmmul_xw/ilp32e\libg_nano.a(lib_a-memset.o)
                              ./User/main.o (memset)

Discarded input sections

 .text          0x0000000000000000        0x0 ./User/OLED.o
 .data          0x0000000000000000        0x0 ./User/OLED.o
 .bss           0x0000000000000000        0x0 ./User/OLED.o
 .text.OLED_ColorTurn
                0x0000000000000000       0x2e ./User/OLED.o
 .text.OLED_DisplayTurn
                0x0000000000000000       0x4a ./User/OLED.o
 .text.OLED_DisPlay_On
                0x0000000000000000       0x38 ./User/OLED.o
 .text.OLED_DisPlay_Off
                0x0000000000000000       0x38 ./User/OLED.o
 .text.OLED_DrawLine
                0x0000000000000000       0xaa ./User/OLED.o
 .text.OLED_DrawCircle
                0x0000000000000000      0x122 ./User/OLED.o
 .text.OLED_Pow
                0x0000000000000000       0x1a ./User/OLED.o
 .text.OLED_ShowPicture
                0x0000000000000000       0xda ./User/OLED.o
 .text.OLED_ShowNum1
                0x0000000000000000      0x112 ./User/OLED.o
 .text.u8pow    0x0000000000000000       0x1a ./User/OLED.o
 .text          0x0000000000000000        0x0 ./User/ch32v00X_it.o
 .data          0x0000000000000000        0x0 ./User/ch32v00X_it.o
 .bss           0x0000000000000000        0x0 ./User/ch32v00X_it.o
 .text          0x0000000000000000        0x0 ./User/main.o
[...]
Memory Configuration

Name             Origin             Length             Attributes
FLASH            0x0000000000000000 0x0000000000008000 xr
RAM              0x0000000020000000 0x0000000000001800 xrw
*default*        0x0000000000000000 0xffffffffffffffff

Linker script and memory map

LOAD ./User/OLED.o
LOAD ./User/ch32v00X_it.o
LOAD ./User/main.o
LOAD ./User/system_ch32v00X.o
LOAD ./Startup/startup_ch32v00X.o
LOAD ./Peripheral/src/ch32v00X_adc.o
LOAD ./Peripheral/src/ch32v00X_dbgmcu.o
LOAD ./Peripheral/src/ch32v00X_dma.o
LOAD ./Peripheral/src/ch32v00X_exti.o
LOAD ./Peripheral/src/ch32v00X_flash.o
LOAD ./Peripheral/src/ch32v00X_gpio.o
LOAD ./Peripheral/src/ch32v00X_i2c.o
LOAD ./Peripheral/src/ch32v00X_iwdg.o
LOAD ./Peripheral/src/ch32v00X_misc.o
LOAD ./Peripheral/src/ch32v00X_opa.o
LOAD ./Peripheral/src/ch32v00X_pwr.o
LOAD ./Peripheral/src/ch32v00X_rcc.o
LOAD ./Peripheral/src/ch32v00X_spi.o
LOAD ./Peripheral/src/ch32v00X_tim.o
LOAD ./Peripheral/src/ch32v00X_usart.o
LOAD ./Peripheral/src/ch32v00X_wwdg.o
LOAD ./Debug/debug.o
LOAD ./Core/core_riscv.o
LOAD e:/mounriver_studio2/resources/app/resources/win32/components/wch/toolchain/risc-v embedded gcc12/bin/../lib/gcc/riscv-wch-elf/12.2.0/../../../../riscv-wch-elf/lib/rv32ec_zmmul_xw/ilp32e\libm_nano.a
LOAD e:/mounriver_studio2/resources/app/resources/win32/components/wch/toolchain/risc-v embedded gcc12/bin/../lib/gcc/riscv-wch-elf/12.2.0/../../../../riscv-wch-elf/lib/rv32ec_zmmul_xw/ilp32e\libprintf.a
LOAD e:/mounriver_studio2/resources/app/resources/win32/components/wch/toolchain/risc-v embedded gcc12/bin/../lib/gcc/riscv-wch-elf/12.2.0/rv32ec_zmmul_xw/ilp32e\libgcc.a
LOAD e:/mounriver_studio2/resources/app/resources/win32/components/wch/toolchain/risc-v embedded gcc12/bin/../lib/gcc/riscv-wch-elf/12.2.0/../../../../riscv-wch-elf/lib/rv32ec_zmmul_xw/ilp32e\libg_nano.a
LOAD e:/mounriver_studio2/resources/app/resources/win32/components/wch/toolchain/risc-v embedded gcc12/bin/../lib/gcc/riscv-wch-elf/12.2.0/../../../../riscv-wch-elf/lib/rv32ec_zmmul_xw/ilp32e\libc_nano.a
LOAD e:/mounriver_studio2/resources/app/resources/win32/components/wch/toolchain/risc-v embedded gcc12/bin/../lib/gcc/riscv-wch-elf/12.2.0/rv32ec_zmmul_xw/ilp32e\libgcc.a
START GROUP
LOAD e:/mounriver_studio2/resources/app/resources/win32/components/wch/toolchain/risc-v embedded gcc12/bin/../lib/gcc/riscv-wch-elf/12.2.0/rv32ec_zmmul_xw/ilp32e\libgcc.a
LOAD e:/mounriver_studio2/resources/app/resources/win32/components/wch/toolchain/risc-v embedded gcc12/bin/../lib/gcc/riscv-wch-elf/12.2.0/../../../../riscv-wch-elf/lib/rv32ec_zmmul_xw/ilp32e\libc_nano.a
LOAD e:/mounriver_studio2/resources/app/resources/win32/components/wch/toolchain/risc-v embedded gcc12/bin/../lib/gcc/riscv-wch-elf/12.2.0/../../../../riscv-wch-elf/lib/rv32ec_zmmul_xw/ilp32e\libnosys.a
END GROUP
START GROUP
LOAD e:/mounriver_studio2/resources/app/resources/win32/components/wch/toolchain/risc-v embedded gcc12/bin/../lib/gcc/riscv-wch-elf/12.2.0/rv32ec_zmmul_xw/ilp32e\libgcc.a
LOAD e:/mounriver_studio2/resources/app/resources/win32/components/wch/toolchain/risc-v embedded gcc12/bin/../lib/gcc/riscv-wch-elf/12.2.0/../../../../riscv-wch-elf/lib/rv32ec_zmmul_xw/ilp32e\libc_nano.a
LOAD e:/mounriver_studio2/resources/app/resources/win32/components/wch/toolchain/risc-v embedded gcc12/bin/../lib/gcc/riscv-wch-elf/12.2.0/../../../../riscv-wch-elf/lib/rv32ec_zmmul_xw/ilp32e\libnosys.a
END GROUP
                0x0000000000000200                __stack_size = 0x200
                [!provide]                        PROVIDE (_stack_size = __stack_size)

.init           0x0000000000000000       0xa8
                0x0000000000000000                _sinit = .
                0x0000000000000000                . = ALIGN (0x4)
 *(SORT_NONE(.init))
 .init          0x0000000000000000       0xa6 ./Startup/startup_ch32v00X.o
                0x0000000000000000                _start
                0x00000000000000a8                . = ALIGN (0x4)
 *fill*         0x00000000000000a6        0x2 
                0x00000000000000a8                _einit = .

.text           0x00000000000000a8     0x3904
                0x00000000000000a8                . = ALIGN (0x4)
 *(.text)
 .text          0x00000000000000a8       0x14 e:/mounriver_studio2/resources/app/resources/win32/components/wch/toolchain/risc-v embedded gcc12/bin/../lib/gcc/riscv-wch-elf/12.2.0/rv32ec_zmmul_xw/ilp32e\libgcc.a(save-restore.o)
                0x00000000000000a8                __riscv_save_1
                0x00000000000000a8                __riscv_save_2
                0x00000000000000a8                __riscv_save_0
                0x00000000000000b2                __riscv_restore_0
                0x00000000000000b2                __riscv_restore_1
                0x00000000000000b2                __riscv_restore_2
 .text          0x00000000000000bc       0x7e e:/mounriver_studio2/resources/app/resources/win32/components/wch/toolchain/risc-v embedded gcc12/bin/../lib/gcc/riscv-wch-elf/12.2.0/rv32ec_zmmul_xw/ilp32e\libgcc.a(div.o)
                0x00000000000000bc                __divsi3
                0x00000000000000c4                __udivsi3
                0x00000000000000c4                __hidden___udivsi3
                0x00000000000000f0                __umodsi3
                0x0000000000000114                __modsi3
 .text          0x000000000000013a       0x10 e:/mounriver_studio2/resources/app/resources/win32/components/wch/toolchain/risc-v embedded gcc12/bin/../lib/gcc/riscv-wch-elf/12.2.0/../../../../riscv-wch-elf/lib/rv32ec_zmmul_xw/ilp32e\libg_nano.a(lib_a-memset.o)
                0x000000000000013a                memset
 *(.text.*)
 .text.IIC_delay
                0x000000000000014a        0x6 ./User/OLED.o
                0x000000000000014a                IIC_delay
 .text.I2C_Start
                0x0000000000000150       0x34 ./User/OLED.o
                0x0000000000000150                I2C_Start
 .text.I2C_Stop
                0x0000000000000184       0x26 ./User/OLED.o
                0x0000000000000184                I2C_Stop
 .text.I2C_WaitAck
                0x00000000000001aa       0x2a ./User/OLED.o
                0x00000000000001aa                I2C_WaitAck
 .text.Send_Byte
                0x00000000000001d4       0x4c ./User/OLED.o
                0x00000000000001d4                Send_Byte
 .text.OLED_WR_Byte
                0x0000000000000220       0x28 ./User/OLED.o
                0x0000000000000220                OLED_WR_Byte
 .text.OLED_Refresh
                0x0000000000000248       0x6c ./User/OLED.o
                0x0000000000000248                OLED_Refresh
 .text.OLED_Clear
                0x00000000000002b4       0x2e ./User/OLED.o
                0x00000000000002b4                OLED_Clear
 .text.OLED_DrawPoint
                0x00000000000002e2       0x38 ./User/OLED.o
                0x00000000000002e2                OLED_DrawPoint
 .text.OLED_ShowChar
                0x000000000000031a       0xd2 ./User/OLED.o
                0x000000000000031a                OLED_ShowChar
 .text.OLED_ShowString
                0x00000000000003ec       0x4c ./User/OLED.o
                0x00000000000003ec                OLED_ShowString
 .text.OLED_ShowNum
                0x0000000000000438       0x86 ./User/OLED.o
                0x0000000000000438                OLED_ShowNum
 .text.Get_numlen
                0x00000000000004be       0x20 ./User/OLED.o
                0x00000000000004be                Get_numlen
 .text.OLED_ShowFloat
                0x00000000000004de      0x156 ./User/OLED.o
                0x00000000000004de                OLED_ShowFloat
 .text.OLED_Init
                0x0000000000000634      0x11c ./User/OLED.o
                0x0000000000000634                OLED_Init
 .text.NMI_Handler
                0x0000000000000750        0x2 ./User/ch32v00X_it.o
                0x0000000000000750                NMI_Handler
 .text.HardFault_Handler
                0x0000000000000752       0x10 ./User/ch32v00X_it.o
                0x0000000000000752                HardFault_Handler
 .text.get_closest_temp
                0x0000000000000762       0x9c ./User/main.o
                0x0000000000000762                get_closest_temp
 .text.ADC_Function_Init
                0x00000000000007fe       0x9a ./User/main.o
                0x00000000000007fe                ADC_Function_Init
 .text.TIM1_PWM_In
                0x0000000000000898       0xc6 ./User/main.o
                0x0000000000000898                TIM1_PWM_In
 .text.DMA_Tx_Init
                0x000000000000095e       0x84 ./User/main.o
                0x000000000000095e                DMA_Tx_Init
 .text.OPA1_Init
                0x00000000000009e2       0x6e ./User/main.o
                0x00000000000009e2                OPA1_Init
 .text.startup.main
                0x0000000000000a50       0xd8 ./User/main.o
                0x0000000000000a50                main
 .text.DMA1_Channel1_IRQHandler
                0x0000000000000b28       0x34 ./User/main.o
                0x0000000000000b28                DMA1_Channel1_IRQHandler
 .text.SystemInit
                0x0000000000000b5c       0xc2 ./User/system_ch32v00X.o
                0x0000000000000b5c                SystemInit
 .text.SystemCoreClockUpdate
                0x0000000000000c1e       0x66 ./User/system_ch32v00X.o
                0x0000000000000c1e                SystemCoreClockUpdate
 .text.vector_handler
                0x0000000000000c84        0x2 ./Startup/startup_ch32v00X.o
                0x0000000000000c84                OPCM_IRQHandler
                0x0000000000000c84                TIM1_CC_IRQHandler
                0x0000000000000c84                SysTick_Handler
                0x0000000000000c84                PVD_IRQHandler
                0x0000000000000c84                SPI1_IRQHandler
                0x0000000000000c84                AWU_IRQHandler
                0x0000000000000c84                EXTI7_0_IRQHandler
                0x0000000000000c84                DMA1_Channel4_IRQHandler
                0x0000000000000c84                ADC1_IRQHandler
                0x0000000000000c84                DMA1_Channel7_IRQHandler
                0x0000000000000c84                I2C1_EV_IRQHandler
                0x0000000000000c84                DMA1_Channel6_IRQHandler
                0x0000000000000c84                RCC_IRQHandler
                0x0000000000000c84                TIM1_TRG_COM_IRQHandler
                0x0000000000000c84                DMA1_Channel5_IRQHandler
                0x0000000000000c84                DMA1_Channel3_IRQHandler
                0x0000000000000c84                TIM1_UP_IRQHandler
                0x0000000000000c84                WWDG_IRQHandler
                0x0000000000000c84                TIM2_IRQHandler
                0x0000000000000c84                SW_Handler
                0x0000000000000c84                TIM1_BRK_IRQHandler
                0x0000000000000c84                USART2_IRQHandler
                0x0000000000000c84                DMA1_Channel2_IRQHandler
                0x0000000000000c84                FLASH_IRQHandler
                0x0000000000000c84                USART1_IRQHandler
                0x0000000000000c84                I2C1_ER_IRQHandler
 .text.handle_reset
                0x0000000000000c86       0x8a ./Startup/startup_ch32v00X.o
                0x0000000000000c86                handle_reset
 .text.ADC_DeInit
                0x0000000000000d10       0x2a ./Peripheral/src/ch32v00X_adc.o
                0x0000000000000d10                ADC_DeInit
 .text.ADC_Init
                0x0000000000000d3a       0x4e ./Peripheral/src/ch32v00X_adc.o
                0x0000000000000d3a                ADC_Init
 .text.ADC_Cmd  0x0000000000000d88       0x10 ./Peripheral/src/ch32v00X_adc.o
                0x0000000000000d88                ADC_Cmd
 .text.ADC_DMACmd
                0x0000000000000d98       0x12 ./Peripheral/src/ch32v00X_adc.o
                0x0000000000000d98                ADC_DMACmd
 .text.ADC_RegularChannelConfig
                0x0000000000000daa       0x8c ./Peripheral/src/ch32v00X_adc.o
                0x0000000000000daa                ADC_RegularChannelConfig
 .text.ADC_ExternalTrigConvCmd
                0x0000000000000e36       0x18 ./Peripheral/src/ch32v00X_adc.o
                0x0000000000000e36                ADC_ExternalTrigConvCmd
 .text.ADC_BufferCmd
                0x0000000000000e4e       0x18 ./Peripheral/src/ch32v00X_adc.o
                0x0000000000000e4e                ADC_BufferCmd
 .text.DMA_DeInit
                0x0000000000000e66       0x92 ./Peripheral/src/ch32v00X_dma.o
                0x0000000000000e66                DMA_DeInit
 .text.DMA_Init
                0x0000000000000ef8       0x38 ./Peripheral/src/ch32v00X_dma.o
                0x0000000000000ef8                DMA_Init
 .text.DMA_Cmd  0x0000000000000f30       0x14 ./Peripheral/src/ch32v00X_dma.o
                0x0000000000000f30                DMA_Cmd
 .text.DMA_ITConfig
                0x0000000000000f44       0x14 ./Peripheral/src/ch32v00X_dma.o
                0x0000000000000f44                DMA_ITConfig
 .text.DMA_GetFlagStatus
                0x0000000000000f58        0xe ./Peripheral/src/ch32v00X_dma.o
                0x0000000000000f58                DMA_GetFlagStatus
 .text.DMA_GetITStatus
                0x0000000000000f66        0x2 ./Peripheral/src/ch32v00X_dma.o
                0x0000000000000f66                DMA_GetITStatus
 .text.DMA_ClearITPendingBit
                0x0000000000000f68        0x8 ./Peripheral/src/ch32v00X_dma.o
                0x0000000000000f68                DMA_ClearITPendingBit
 .text.FLASH_ProgramPage_Fast.part.0
                0x0000000000000f70       0x34 ./Peripheral/src/ch32v00X_flash.o
 .text.FLASH_Unlock
                0x0000000000000fa4       0x1a ./Peripheral/src/ch32v00X_flash.o
                0x0000000000000fa4                FLASH_Unlock
 .text.FLASH_Lock
                0x0000000000000fbe        0xe ./Peripheral/src/ch32v00X_flash.o
                0x0000000000000fbe                FLASH_Lock
 .text.FLASH_GetBank1Status
                0x0000000000000fcc       0x16 ./Peripheral/src/ch32v00X_flash.o
                0x0000000000000fcc                FLASH_GetBank1Status
 .text.FLASH_WaitForLastOperation
                0x0000000000000fe2       0x20 ./Peripheral/src/ch32v00X_flash.o
                0x0000000000000fe2                FLASH_WaitForLastOperation
 .text.FLASH_EraseOptionBytes
                0x0000000000001002       0x62 ./Peripheral/src/ch32v00X_flash.o
                0x0000000000001002                FLASH_EraseOptionBytes
 .text.FLASH_Unlock_Fast
                0x0000000000001064       0x1e ./Peripheral/src/ch32v00X_flash.o
                0x0000000000001064                FLASH_Unlock_Fast
 .text.FLASH_Lock_Fast
                0x0000000000001082        0xe ./Peripheral/src/ch32v00X_flash.o
                0x0000000000001082                FLASH_Lock_Fast
 .text.FLASH_BufReset
                0x0000000000001090       0x34 ./Peripheral/src/ch32v00X_flash.o
                0x0000000000001090                FLASH_BufReset
 .text.FLASH_BufLoad
                0x00000000000010c4       0x54 ./Peripheral/src/ch32v00X_flash.o
                0x00000000000010c4                FLASH_BufLoad
 .text.FLASH_OptionBytePR
                0x0000000000001118       0x3c ./Peripheral/src/ch32v00X_flash.o
                0x0000000000001118                FLASH_OptionBytePR
 .text.FLASH_UserOptionByteConfig
                0x0000000000001154       0x5a ./Peripheral/src/ch32v00X_flash.o
                0x0000000000001154                FLASH_UserOptionByteConfig
 .text.GPIO_Init
                0x00000000000011ae       0x76 ./Peripheral/src/ch32v00X_gpio.o
                0x00000000000011ae                GPIO_Init
 .text.GPIO_SetBits
                0x0000000000001224        0x4 ./Peripheral/src/ch32v00X_gpio.o
                0x0000000000001224                GPIO_SetBits
 .text.GPIO_ResetBits
                0x0000000000001228        0x4 ./Peripheral/src/ch32v00X_gpio.o
                0x0000000000001228                GPIO_ResetBits
 .text.GPIO_PinRemapConfig
                0x000000000000122c       0xa2 ./Peripheral/src/ch32v00X_gpio.o
                0x000000000000122c                GPIO_PinRemapConfig
 .text.GPIO_IPD_Unused
                0x00000000000012ce      0x2f2 ./Peripheral/src/ch32v00X_gpio.o
                0x00000000000012ce                GPIO_IPD_Unused
 .text.NVIC_Init
                0x00000000000015c0       0x62 ./Peripheral/src/ch32v00X_misc.o
                0x00000000000015c0                NVIC_Init
 .text.OPA_Unlock
                0x0000000000001622       0x1a ./Peripheral/src/ch32v00X_opa.o
                0x0000000000001622                OPA_Unlock
 .text.OPA_Init
                0x000000000000163c       0x98 ./Peripheral/src/ch32v00X_opa.o
                0x000000000000163c                OPA_Init
 .text.OPA_Cmd  0x00000000000016d4       0x1a ./Peripheral/src/ch32v00X_opa.o
                0x00000000000016d4                OPA_Cmd
 .text.RCC_ADCCLKConfig
                0x00000000000016ee       0x16 ./Peripheral/src/ch32v00X_rcc.o
                0x00000000000016ee                RCC_ADCCLKConfig
 .text.RCC_HBPeriphClockCmd
                0x0000000000001704       0x1e ./Peripheral/src/ch32v00X_rcc.o
                0x0000000000001704                RCC_HBPeriphClockCmd
 .text.RCC_PB2PeriphClockCmd
                0x0000000000001722       0x1e ./Peripheral/src/ch32v00X_rcc.o
                0x0000000000001722                RCC_PB2PeriphClockCmd
 .text.RCC_PB2PeriphResetCmd
                0x0000000000001740       0x1e ./Peripheral/src/ch32v00X_rcc.o
                0x0000000000001740                RCC_PB2PeriphResetCmd
 .text.TIM_TimeBaseInit
                0x000000000000175e       0x6c ./Peripheral/src/ch32v00X_tim.o
                0x000000000000175e                TIM_TimeBaseInit
 .text.TIM_OC1Init
                0x00000000000017ca       0xa8 ./Peripheral/src/ch32v00X_tim.o
                0x00000000000017ca                TIM_OC1Init
 .text.TIM_Cmd  0x0000000000001872       0x56 ./Peripheral/src/ch32v00X_tim.o
                0x0000000000001872                TIM_Cmd
 .text.TIM_CtrlPWMOutputs
                0x00000000000018c8       0x16 ./Peripheral/src/ch32v00X_tim.o
                0x00000000000018c8                TIM_CtrlPWMOutputs
 .text.TIM_ARRPreloadConfig
                0x00000000000018de       0x58 ./Peripheral/src/ch32v00X_tim.o
                0x00000000000018de                TIM_ARRPreloadConfig
 .text.TIM_OC1PreloadConfig
                0x0000000000001936       0x3e ./Peripheral/src/ch32v00X_tim.o
                0x0000000000001936                TIM_OC1PreloadConfig
 .text.Delay_Init
                0x0000000000001974       0x30 ./Debug/debug.o
                0x0000000000001974                Delay_Init
 .text.Delay_Us
                0x00000000000019a4       0x2e ./Debug/debug.o
                0x00000000000019a4                Delay_Us
 .text.Delay_Ms
                0x00000000000019d2       0x2e ./Debug/debug.o
                0x00000000000019d2                Delay_Ms
 .text.__addsf3
                0x0000000000001a00      0x35e e:/mounriver_studio2/resources/app/resources/win32/components/wch/toolchain/risc-v embedded gcc12/bin/../lib/gcc/riscv-wch-elf/12.2.0/rv32ec_zmmul_xw/ilp32e\libgcc.a(addsf3.o)
                0x0000000000001a00                __addsf3
 .text.__divsf3
                0x0000000000001d5e      0x344 e:/mounriver_studio2/resources/app/resources/win32/components/wch/toolchain/risc-v embedded gcc12/bin/../lib/gcc/riscv-wch-elf/12.2.0/rv32ec_zmmul_xw/ilp32e\libgcc.a(divsf3.o)
                0x0000000000001d5e                __divsf3
 .text.__gesf2  0x00000000000020a2       0x96 e:/mounriver_studio2/resources/app/resources/win32/components/wch/toolchain/risc-v embedded gcc12/bin/../lib/gcc/riscv-wch-elf/12.2.0/rv32ec_zmmul_xw/ilp32e\libgcc.a(gesf2.o)
                0x00000000000020a2                __gesf2
                0x00000000000020a2                __gtsf2
 .text.__lesf2  0x0000000000002138       0x98 e:/mounriver_studio2/resources/app/resources/win32/components/wch/toolchain/risc-v embedded gcc12/bin/../lib/gcc/riscv-wch-elf/12.2.0/rv32ec_zmmul_xw/ilp32e\libgcc.a(lesf2.o)
                0x0000000000002138                __ltsf2
                0x0000000000002138                __lesf2
 .text.__mulsf3
                0x00000000000021d0      0x2dc e:/mounriver_studio2/resources/app/resources/win32/components/wch/toolchain/risc-v embedded gcc12/bin/../lib/gcc/riscv-wch-elf/12.2.0/rv32ec_zmmul_xw/ilp32e\libgcc.a(mulsf3.o)
                0x00000000000021d0                __mulsf3
 .text.__subsf3
                0x00000000000024ac      0x380 e:/mounriver_studio2/resources/app/resources/win32/components/wch/toolchain/risc-v embedded gcc12/bin/../lib/gcc/riscv-wch-elf/12.2.0/rv32ec_zmmul_xw/ilp32e\libgcc.a(subsf3.o)
                0x00000000000024ac                __subsf3
 .text.__fixunssfsi
                0x000000000000282c       0x52 e:/mounriver_studio2/resources/app/resources/win32/components/wch/toolchain/risc-v embedded gcc12/bin/../lib/gcc/riscv-wch-elf/12.2.0/rv32ec_zmmul_xw/ilp32e\libgcc.a(fixunssfsi.o)
                0x000000000000282c                __fixunssfsi
 .text.__floatsisf
                0x000000000000287e       0xd4 e:/mounriver_studio2/resources/app/resources/win32/components/wch/toolchain/risc-v embedded gcc12/bin/../lib/gcc/riscv-wch-elf/12.2.0/rv32ec_zmmul_xw/ilp32e\libgcc.a(floatsisf.o)
                0x000000000000287e                __floatsisf
 .text.__floatunsisf
                0x0000000000002952       0xc6 e:/mounriver_studio2/resources/app/resources/win32/components/wch/toolchain/risc-v embedded gcc12/bin/../lib/gcc/riscv-wch-elf/12.2.0/rv32ec_zmmul_xw/ilp32e\libgcc.a(floatunsisf.o)
                0x0000000000002952                __floatunsisf
 .text.__clzsi2
                0x0000000000002a18       0x68 e:/mounriver_studio2/resources/app/resources/win32/components/wch/toolchain/risc-v embedded gcc12/bin/../lib/gcc/riscv-wch-elf/12.2.0/rv32ec_zmmul_xw/ilp32e\libgcc.a(_clzsi2.o)
                0x0000000000002a18                __clzsi2
 *(.rodata)
 *(.rodata*)
 *fill*         0x0000000000002a80        0x0 
 .rodata.asc2_2412
                0x0000000000002a80      0xd5c ./User/OLED.o
                0x0000000000002a80                asc2_2412
 .rodata.cst4   0x00000000000037dc        0x8 ./User/OLED.o
 .rodata.main.str1.4
                0x00000000000037e4        0x5 ./User/main.o
 *fill*         0x00000000000037e9        0x3 
 .rodata.cst4   0x00000000000037ec       0x18 ./User/main.o
                                         0x1c (size before relaxing)
 .rodata.__divsf3
                0x0000000000003804       0xa8 e:/mounriver_studio2/resources/app/resources/win32/components/wch/toolchain/risc-v embedded gcc12/bin/../lib/gcc/riscv-wch-elf/12.2.0/rv32ec_zmmul_xw/ilp32e\libgcc.a(divsf3.o)
 .rodata.__clz_tab
                0x00000000000038ac      0x100 e:/mounriver_studio2/resources/app/resources/win32/components/wch/toolchain/risc-v embedded gcc12/bin/../lib/gcc/riscv-wch-elf/12.2.0/rv32ec_zmmul_xw/ilp32e\libgcc.a(_clz.o)
                0x00000000000038ac                __clz_tab
 *(.gnu.linkonce.t.*)
                0x00000000000039ac                . = ALIGN (0x4)

.rela.dyn       0x00000000000039ac        0x0
 .rela.init     0x00000000000039ac        0x0 ./User/OLED.o
 .rela.text.handle_reset
                0x00000000000039ac        0x0 ./User/OLED.o

.fini           0x00000000000039ac        0x0
 *(SORT_NONE(.fini))
                0x00000000000039ac                . = ALIGN (0x4)
                [!provide]                        PROVIDE (_etext = .)
                [!provide]                        PROVIDE (_eitcm = .)

.preinit_array  0x00000000000039ac        0x0
                [!provide]                        PROVIDE (__preinit_array_start = .)
 *(.preinit_array)
                [!provide]                        PROVIDE (__preinit_array_end = .)

.init_array     0x00000000000039ac        0x0
                [!provide]                        PROVIDE (__init_array_start = .)
 *(SORT_BY_INIT_PRIORITY(.init_array.*) SORT_BY_INIT_PRIORITY(.ctors.*))
 *(.init_array EXCLUDE_FILE(*crtend?.o *crtend.o *crtbegin?.o *crtbegin.o) .ctors)
                [!provide]                        PROVIDE (__init_array_end = .)

.fini_array     0x00000000000039ac        0x0
                [!provide]                        PROVIDE (__fini_array_start = .)
 *(SORT_BY_INIT_PRIORITY(.fini_array.*) SORT_BY_INIT_PRIORITY(.dtors.*))
 *(.fini_array EXCLUDE_FILE(*crtend?.o *crtend.o *crtbegin?.o *crtbegin.o) .dtors)
                [!provide]                        PROVIDE (__fini_array_end = .)

.ctors
 *crtbegin.o(.ctors)
 *crtbegin?.o(.ctors)
 *(EXCLUDE_FILE(*crtend?.o *crtend.o) .ctors)
 *(SORT_BY_NAME(.ctors.*))
 *(.ctors)

.dtors
 *crtbegin.o(.dtors)
 *crtbegin?.o(.dtors)
 *(EXCLUDE_FILE(*crtend?.o *crtend.o) .dtors)
 *(SORT_BY_NAME(.dtors.*))
 *(.dtors)

.dalign         0x0000000020000000        0x0 load address 0x00000000000039ac
                0x0000000020000000                . = ALIGN (0x4)
                0x0000000020000000                PROVIDE (_data_vma = .)

.dlalign        0x00000000000039ac        0x0
                0x00000000000039ac                . = ALIGN (0x4)
                0x00000000000039ac                PROVIDE (_data_lma = .)

.data           0x0000000020000000      0x248 load address 0x00000000000039ac
                0x0000000020000000                . = ALIGN (0x4)
 *(.gnu.linkonce.r.*)
 *(.data .data.*)
 .data.value_to_temp_table
                0x0000000020000000      0x234 ./User/main.o
                0x0000000020000000                value_to_temp_table
 .data.HBPrescTable
                0x0000000020000234       0x10 ./User/system_ch32v00X.o
                0x0000000020000234                HBPrescTable
 .data.SystemCoreClock
                0x0000000020000244        0x4 ./User/system_ch32v00X.o
                0x0000000020000244                SystemCoreClock
 *(.gnu.linkonce.d.*)
                0x0000000020000248                . = ALIGN (0x8)
                0x0000000020000a48                PROVIDE (__global_pointer$ = (. + 0x800))
 *(.sdata .sdata.*)
 *(.sdata2*)
 *(.gnu.linkonce.s.*)
                0x0000000020000248                . = ALIGN (0x8)
 *(.srodata.cst16)
 *(.srodata.cst8)
 *(.srodata.cst4)
 *(.srodata.cst2)
 *(.srodata .srodata.*)
                0x0000000020000248                . = ALIGN (0x4)
                0x0000000020000248                PROVIDE (_edata = .)

.bss            0x0000000020000248      0x4a4 load address 0x0000000000003bf4
                0x0000000020000248                . = ALIGN (0x4)
                0x0000000020000248                PROVIDE (_sbss = .)
 *(.sbss*)
 *(.gnu.linkonce.sb.*)
 *(.bss*)
 .bss.OLED_GRAM
                0x0000000020000248      0x480 ./User/OLED.o
                0x0000000020000248                OLED_GRAM
 .bss.Temp      0x00000000200006c8        0x4 ./User/main.o
                0x00000000200006c8                Temp
 .bss.Adc_Val   0x00000000200006cc        0x4 ./User/main.o
                0x00000000200006cc                Adc_Val
 .bss.AdcBuf    0x00000000200006d0       0x14 ./User/main.o
                0x00000000200006d0                AdcBuf
 .bss.NVIC_Priority_Group
                0x00000000200006e4        0x4 ./Peripheral/src/ch32v00X_misc.o
                0x00000000200006e4                NVIC_Priority_Group
 .bss.p_ms      0x00000000200006e8        0x2 ./Debug/debug.o
 .bss.p_us      0x00000000200006ea        0x1 ./Debug/debug.o
 *(.gnu.linkonce.b.*)
 *(COMMON*)
                0x00000000200006ec                . = ALIGN (0x4)
 *fill*         0x00000000200006eb        0x1 
                0x00000000200006ec                PROVIDE (_ebss = .)
                0x00000000200006ec                PROVIDE (_end = _ebss)
                [!provide]                        PROVIDE (end = .)

.stack          0x0000000020001600      0x200
                0x0000000020001600                PROVIDE (_heap_end = .)
                0x0000000020001600                . = ALIGN (0x4)
                [!provide]                        PROVIDE (_susrstack = .)
                0x0000000020001800                . = (. + __stack_size)
 *fill*         0x0000000020001600      0x200 
                0x0000000020001800                PROVIDE (_eusrstack = .)
OUTPUT(NTC.elf elf32-littleriscv)

.debug_info     0x0000000000000000     0x9e44
 .debug_info    0x0000000000000000     0x16ff ./User/OLED.o
 .debug_info    0x00000000000016ff      0x2f5 ./User/ch32v00X_it.o
 .debug_info    0x00000000000019f4     0x1a68 ./User/main.o
 .debug_info    0x000000000000345c      0x328 ./User/system_ch32v00X.o
 .debug_info    0x0000000000003784       0x23 ./Startup/startup_ch32v00X.o
 .debug_info    0x00000000000037a7      0xdf6 ./Peripheral/src/ch32v00X_adc.o
 .debug_info    0x000000000000459d      0x430 ./Peripheral/src/ch32v00X_dma.o
 .debug_info    0x00000000000049cd      0xb4c ./Peripheral/src/ch32v00X_flash.o
 .debug_info    0x0000000000005519      0x90a ./Peripheral/src/ch32v00X_gpio.o
 .debug_info    0x0000000000005e23      0x4fe ./Peripheral/src/ch32v00X_misc.o
 .debug_info    0x0000000000006321      0xba9 ./Peripheral/src/ch32v00X_opa.o
 .debug_info    0x0000000000006eca      0x8d7 ./Peripheral/src/ch32v00X_rcc.o
 .debug_info    0x00000000000077a1     0x1fd4 ./Peripheral/src/ch32v00X_tim.o
 .debug_info    0x0000000000009775      0x6cf ./Debug/debug.o

.debug_abbrev   0x0000000000000000     0x1d48
 .debug_abbrev  0x0000000000000000      0x303 ./User/OLED.o
 .debug_abbrev  0x0000000000000303       0xfe ./User/ch32v00X_it.o
 .debug_abbrev  0x0000000000000401      0x36d ./User/main.o
 .debug_abbrev  0x000000000000076e      0x164 ./User/system_ch32v00X.o
 .debug_abbrev  0x00000000000008d2       0x12 ./Startup/startup_ch32v00X.o
 .debug_abbrev  0x00000000000008e4      0x1bd ./Peripheral/src/ch32v00X_adc.o
 .debug_abbrev  0x0000000000000aa1      0x18d ./Peripheral/src/ch32v00X_dma.o
 .debug_abbrev  0x0000000000000c2e      0x3af ./Peripheral/src/ch32v00X_flash.o
 .debug_abbrev  0x0000000000000fdd      0x1f0 ./Peripheral/src/ch32v00X_gpio.o
 .debug_abbrev  0x00000000000011cd      0x1c0 ./Peripheral/src/ch32v00X_misc.o
 .debug_abbrev  0x000000000000138d      0x1cc ./Peripheral/src/ch32v00X_opa.o
 .debug_abbrev  0x0000000000001559      0x23c ./Peripheral/src/ch32v00X_rcc.o
 .debug_abbrev  0x0000000000001795      0x330 ./Peripheral/src/ch32v00X_tim.o
 .debug_abbrev  0x0000000000001ac5      0x283 ./Debug/debug.o

.debug_loclists
                0x0000000000000000     0x46bf
 .debug_loclists
                0x0000000000000000      0xfbb ./User/OLED.o
 .debug_loclists
                0x0000000000000fbb      0x1a0 ./User/main.o
 .debug_loclists
                0x000000000000115b       0x91 ./User/system_ch32v00X.o
 .debug_loclists
                0x00000000000011ec      0x7ab ./Peripheral/src/ch32v00X_adc.o
 .debug_loclists
                0x0000000000001997      0x113 ./Peripheral/src/ch32v00X_dma.o
 .debug_loclists
                0x0000000000001aaa      0xa88 ./Peripheral/src/ch32v00X_flash.o
 .debug_loclists
                0x0000000000002532      0x6e0 ./Peripheral/src/ch32v00X_gpio.o
 .debug_loclists
                0x0000000000002c12       0x3e ./Peripheral/src/ch32v00X_misc.o
 .debug_loclists
                0x0000000000002c50      0x1e6 ./Peripheral/src/ch32v00X_opa.o
 .debug_loclists
                0x0000000000002e36      0x413 ./Peripheral/src/ch32v00X_rcc.o
 .debug_loclists
                0x0000000000003249     0x1312 ./Peripheral/src/ch32v00X_tim.o
 .debug_loclists
                0x000000000000455b      0x164 ./Debug/debug.o

.debug_aranges  0x0000000000000000      0xa80
 .debug_aranges
                0x0000000000000000       0xe0 ./User/OLED.o
 .debug_aranges
                0x00000000000000e0       0x28 ./User/ch32v00X_it.o
 .debug_aranges
                0x0000000000000108       0x50 ./User/main.o
 .debug_aranges
                0x0000000000000158       0x28 ./User/system_ch32v00X.o
 .debug_aranges
                0x0000000000000180       0x30 ./Startup/startup_ch32v00X.o
 .debug_aranges
                0x00000000000001b0      0x180 ./Peripheral/src/ch32v00X_adc.o
 .debug_aranges
                0x0000000000000330       0x70 ./Peripheral/src/ch32v00X_dma.o
 .debug_aranges
                0x00000000000003a0      0x118 ./Peripheral/src/ch32v00X_flash.o
 .debug_aranges
                0x00000000000004b8       0x98 ./Peripheral/src/ch32v00X_gpio.o
 .debug_aranges
                0x0000000000000550       0x28 ./Peripheral/src/ch32v00X_misc.o
 .debug_aranges
                0x0000000000000578       0xc0 ./Peripheral/src/ch32v00X_opa.o
 .debug_aranges
                0x0000000000000638      0x108 ./Peripheral/src/ch32v00X_rcc.o
 .debug_aranges
                0x0000000000000740      0x2f0 ./Peripheral/src/ch32v00X_tim.o
 .debug_aranges
                0x0000000000000a30       0x50 ./Debug/debug.o

.debug_rnglists
                0x0000000000000000      0xba5
 .debug_rnglists
                0x0000000000000000      0x142 ./User/OLED.o
 .debug_rnglists
                0x0000000000000142       0x1f ./User/ch32v00X_it.o
 .debug_rnglists
                0x0000000000000161       0x72 ./User/main.o
 .debug_rnglists
                0x00000000000001d3       0x1f ./User/system_ch32v00X.o
 .debug_rnglists
                0x00000000000001f2       0x21 ./Startup/startup_ch32v00X.o
 .debug_rnglists
                0x0000000000000213      0x1a2 ./Peripheral/src/ch32v00X_adc.o
 .debug_rnglists
                0x00000000000003b5       0x70 ./Peripheral/src/ch32v00X_dma.o
 .debug_rnglists
                0x0000000000000425      0x12d ./Peripheral/src/ch32v00X_flash.o
 .debug_rnglists
                0x0000000000000552       0x9d ./Peripheral/src/ch32v00X_gpio.o
 .debug_rnglists
                0x00000000000005ef       0x45 ./Peripheral/src/ch32v00X_misc.o
 .debug_rnglists
                0x0000000000000634       0xca ./Peripheral/src/ch32v00X_opa.o
 .debug_rnglists
                0x00000000000006fe      0x11b ./Peripheral/src/ch32v00X_rcc.o
 .debug_rnglists
                0x0000000000000819      0x340 ./Peripheral/src/ch32v00X_tim.o
 .debug_rnglists
                0x0000000000000b59       0x4c ./Debug/debug.o

.debug_line     0x0000000000000000     0xc664
 .debug_line    0x0000000000000000     0x1799 ./User/OLED.o
 .debug_line    0x0000000000001799       0xdb ./User/ch32v00X_it.o
 .debug_line    0x0000000000001874      0x92f ./User/main.o
 .debug_line    0x00000000000021a3      0x41b ./User/system_ch32v00X.o
 .debug_line    0x00000000000025be      0x10e ./Startup/startup_ch32v00X.o
 .debug_line    0x00000000000026cc     0x1440 ./Peripheral/src/ch32v00X_adc.o
 .debug_line    0x0000000000003b0c      0x5bc ./Peripheral/src/ch32v00X_dma.o
 .debug_line    0x00000000000040c8     0x1cc9 ./Peripheral/src/ch32v00X_flash.o
 .debug_line    0x0000000000005d91      0xec3 ./Peripheral/src/ch32v00X_gpio.o
 .debug_line    0x0000000000006c54      0x1d7 ./Peripheral/src/ch32v00X_misc.o
 .debug_line    0x0000000000006e2b      0xaca ./Peripheral/src/ch32v00X_opa.o
 .debug_line    0x00000000000078f5      0xe41 ./Peripheral/src/ch32v00X_rcc.o
 .debug_line    0x0000000000008736     0x39b8 ./Peripheral/src/ch32v00X_tim.o
 .debug_line    0x000000000000c0ee      0x576 ./Debug/debug.o

.debug_str      0x0000000000000000     0x3454
 .debug_str     0x0000000000000000      0x52c ./User/OLED.o
                                        0x589 (size before relaxing)
 .debug_str     0x000000000000052c       0xcd ./User/ch32v00X_it.o
                                        0x267 (size before relaxing)
 .debug_str     0x00000000000005f9      0xf36 ./User/main.o
                                       0x139b (size before relaxing)
 .debug_str     0x000000000000152f       0xcd ./User/system_ch32v00X.o
                                        0x2df (size before relaxing)
 .debug_str     0x00000000000015fc       0x57 ./Startup/startup_ch32v00X.o
 .debug_str     0x0000000000001653      0x549 ./Peripheral/src/ch32v00X_adc.o
                                        0x8b5 (size before relaxing)
 .debug_str     0x0000000000001b9c       0xb1 ./Peripheral/src/ch32v00X_dma.o
                                        0x3ca (size before relaxing)
 .debug_str     0x0000000000001c4d      0x361 ./Peripheral/src/ch32v00X_flash.o
                                        0x67b (size before relaxing)
 .debug_str     0x0000000000001fae      0x17d ./Peripheral/src/ch32v00X_gpio.o
                                        0x509 (size before relaxing)
 .debug_str     0x000000000000212b       0x93 ./Peripheral/src/ch32v00X_misc.o
                                        0x4fd (size before relaxing)
 .debug_str     0x00000000000021be      0x4be ./Peripheral/src/ch32v00X_opa.o
                                        0xc3d (size before relaxing)
 .debug_str     0x000000000000267c      0x32d ./Peripheral/src/ch32v00X_rcc.o
                                        0x64c (size before relaxing)
 .debug_str     0x00000000000029a9      0x963 ./Peripheral/src/ch32v00X_tim.o
                                        0xec3 (size before relaxing)
 .debug_str     0x000000000000330c      0x148 ./Debug/debug.o
                                        0x50b (size before relaxing)

.debug_line_str
                0x0000000000000000      0x5cd
 .debug_line_str
                0x0000000000000000      0x29f ./User/OLED.o
                                        0x301 (size before relaxing)
 .debug_line_str
                0x000000000000029f       0x16 ./User/ch32v00X_it.o
                                        0x23a (size before relaxing)
 .debug_line_str
                0x00000000000002b5       0xda ./User/main.o
                                        0x3c1 (size before relaxing)
 .debug_line_str
                0x000000000000038f       0x1a ./User/system_ch32v00X.o
                                        0x2ba (size before relaxing)
 .debug_line_str
                0x00000000000003a9       0x4b ./Startup/startup_ch32v00X.o
                                         0x5e (size before relaxing)
 .debug_line_str
                0x00000000000003f4       0x33 ./Peripheral/src/ch32v00X_adc.o
                                        0x2ce (size before relaxing)
 .debug_line_str
                0x0000000000000427       0x21 ./Peripheral/src/ch32v00X_dma.o
                                        0x2bf (size before relaxing)
 .debug_line_str
                0x0000000000000448       0x23 ./Peripheral/src/ch32v00X_flash.o
                                        0x2c7 (size before relaxing)
 .debug_line_str
                0x000000000000046b       0x22 ./Peripheral/src/ch32v00X_gpio.o
                                        0x2d2 (size before relaxing)
 .debug_line_str
                0x000000000000048d       0x22 ./Peripheral/src/ch32v00X_misc.o
                                        0x2c3 (size before relaxing)
 .debug_line_str
                0x00000000000004af       0x21 ./Peripheral/src/ch32v00X_opa.o
                                        0x2bf (size before relaxing)
 .debug_line_str
                0x00000000000004d0       0x21 ./Peripheral/src/ch32v00X_rcc.o
                                        0x2bf (size before relaxing)
 .debug_line_str
                0x00000000000004f1       0x21 ./Peripheral/src/ch32v00X_tim.o
                                        0x2ce (size before relaxing)
 .debug_line_str
                0x0000000000000512       0xbb ./Debug/debug.o
                                        0x3a5 (size before relaxing)

.comment        0x0000000000000000       0x31
 .comment       0x0000000000000000       0x31 ./User/OLED.o
                                         0x32 (size before relaxing)
 .comment       0x0000000000000031       0x32 ./User/ch32v00X_it.o
 .comment       0x0000000000000031       0x32 ./User/main.o
 .comment       0x0000000000000031       0x32 ./User/system_ch32v00X.o
 .comment       0x0000000000000031       0x32 ./Peripheral/src/ch32v00X_adc.o
 .comment       0x0000000000000031       0x32 ./Peripheral/src/ch32v00X_dma.o
 .comment       0x0000000000000031       0x32 ./Peripheral/src/ch32v00X_flash.o
 .comment       0x0000000000000031       0x32 ./Peripheral/src/ch32v00X_gpio.o
 .comment       0x0000000000000031       0x32 ./Peripheral/src/ch32v00X_misc.o
 .comment       0x0000000000000031       0x32 ./Peripheral/src/ch32v00X_opa.o
 .comment       0x0000000000000031       0x32 ./Peripheral/src/ch32v00X_rcc.o
 .comment       0x0000000000000031       0x32 ./Peripheral/src/ch32v00X_tim.o
 .comment       0x0000000000000031       0x32 ./Debug/debug.o
 .comment       0x0000000000000031       0x32 e:/mounriver_studio2/resources/app/resources/win32/components/wch/toolchain/risc-v embedded gcc12/bin/../lib/gcc/riscv-wch-elf/12.2.0/rv32ec_zmmul_xw/ilp32e\libgcc.a(addsf3.o)
 .comment       0x0000000000000031       0x32 e:/mounriver_studio2/resources/app/resources/win32/components/wch/toolchain/risc-v embedded gcc12/bin/../lib/gcc/riscv-wch-elf/12.2.0/rv32ec_zmmul_xw/ilp32e\libgcc.a(divsf3.o)
 .comment       0x0000000000000031       0x32 e:/mounriver_studio2/resources/app/resources/win32/components/wch/toolchain/risc-v embedded gcc12/bin/../lib/gcc/riscv-wch-elf/12.2.0/rv32ec_zmmul_xw/ilp32e\libgcc.a(gesf2.o)
 .comment       0x0000000000000031       0x32 e:/mounriver_studio2/resources/app/resources/win32/components/wch/toolchain/risc-v embedded gcc12/bin/../lib/gcc/riscv-wch-elf/12.2.0/rv32ec_zmmul_xw/ilp32e\libgcc.a(lesf2.o)
 .comment       0x0000000000000031       0x32 e:/mounriver_studio2/resources/app/resources/win32/components/wch/toolchain/risc-v embedded gcc12/bin/../lib/gcc/riscv-wch-elf/12.2.0/rv32ec_zmmul_xw/ilp32e\libgcc.a(mulsf3.o)
 .comment       0x0000000000000031       0x32 e:/mounriver_studio2/resources/app/resources/win32/components/wch/toolchain/risc-v embedded gcc12/bin/../lib/gcc/riscv-wch-elf/12.2.0/rv32ec_zmmul_xw/ilp32e\libgcc.a(subsf3.o)
 .comment       0x0000000000000031       0x32 e:/mounriver_studio2/resources/app/resources/win32/components/wch/toolchain/risc-v embedded gcc12/bin/../lib/gcc/riscv-wch-elf/12.2.0/rv32ec_zmmul_xw/ilp32e\libgcc.a(fixunssfsi.o)
 .comment       0x0000000000000031       0x32 e:/mounriver_studio2/resources/app/resources/win32/components/wch/toolchain/risc-v embedded gcc12/bin/../lib/gcc/riscv-wch-elf/12.2.0/rv32ec_zmmul_xw/ilp32e\libgcc.a(floatsisf.o)
 .comment       0x0000000000000031       0x32 e:/mounriver_studio2/resources/app/resources/win32/components/wch/toolchain/risc-v embedded gcc12/bin/../lib/gcc/riscv-wch-elf/12.2.0/rv32ec_zmmul_xw/ilp32e\libgcc.a(floatunsisf.o)
 .comment       0x0000000000000031       0x32 e:/mounriver_studio2/resources/app/resources/win32/components/wch/toolchain/risc-v embedded gcc12/bin/../lib/gcc/riscv-wch-elf/12.2.0/rv32ec_zmmul_xw/ilp32e\libgcc.a(_clzsi2.o)
 .comment       0x0000000000000031       0x32 e:/mounriver_studio2/resources/app/resources/win32/components/wch/toolchain/risc-v embedded gcc12/bin/../lib/gcc/riscv-wch-elf/12.2.0/rv32ec_zmmul_xw/ilp32e\libgcc.a(_clz.o)

.riscv.attributes
                0x0000000000000000       0x30
 .riscv.attributes
                0x0000000000000000       0x30 ./User/OLED.o
 .riscv.attributes
                0x0000000000000030       0x30 ./User/ch32v00X_it.o
 .riscv.attributes
                0x0000000000000060       0x30 ./User/main.o
 .riscv.attributes
                0x0000000000000090       0x30 ./User/system_ch32v00X.o
 .riscv.attributes
                0x00000000000000c0       0x2e ./Startup/startup_ch32v00X.o
 .riscv.attributes
                0x00000000000000ee       0x30 ./Peripheral/src/ch32v00X_adc.o
 .riscv.attributes
                0x000000000000011e       0x30 ./Peripheral/src/ch32v00X_dma.o
 .riscv.attributes
                0x000000000000014e       0x30 ./Peripheral/src/ch32v00X_flash.o
 .riscv.attributes
                0x000000000000017e       0x30 ./Peripheral/src/ch32v00X_gpio.o
 .riscv.attributes
                0x00000000000001ae       0x30 ./Peripheral/src/ch32v00X_misc.o
 .riscv.attributes
                0x00000000000001de       0x30 ./Peripheral/src/ch32v00X_opa.o
 .riscv.attributes
                0x000000000000020e       0x30 ./Peripheral/src/ch32v00X_rcc.o
 .riscv.attributes
                0x000000000000023e       0x30 ./Peripheral/src/ch32v00X_tim.o
 .riscv.attributes
                0x000000000000026e       0x30 ./Debug/debug.o
 .riscv.attributes
                0x000000000000029e       0x30 e:/mounriver_studio2/resources/app/resources/win32/components/wch/toolchain/risc-v embedded gcc12/bin/../lib/gcc/riscv-wch-elf/12.2.0/rv32ec_zmmul_xw/ilp32e\libgcc.a(addsf3.o)
 .riscv.attributes
                0x00000000000002ce       0x30 e:/mounriver_studio2/resources/app/resources/win32/components/wch/toolchain/risc-v embedded gcc12/bin/../lib/gcc/riscv-wch-elf/12.2.0/rv32ec_zmmul_xw/ilp32e\libgcc.a(divsf3.o)
 .riscv.attributes
                0x00000000000002fe       0x30 e:/mounriver_studio2/resources/app/resources/win32/components/wch/toolchain/risc-v embedded gcc12/bin/../lib/gcc/riscv-wch-elf/12.2.0/rv32ec_zmmul_xw/ilp32e\libgcc.a(gesf2.o)
 .riscv.attributes
                0x000000000000032e       0x30 e:/mounriver_studio2/resources/app/resources/win32/components/wch/toolchain/risc-v embedded gcc12/bin/../lib/gcc/riscv-wch-elf/12.2.0/rv32ec_zmmul_xw/ilp32e\libgcc.a(lesf2.o)
 .riscv.attributes
                0x000000000000035e       0x30 e:/mounriver_studio2/resources/app/resources/win32/components/wch/toolchain/risc-v embedded gcc12/bin/../lib/gcc/riscv-wch-elf/12.2.0/rv32ec_zmmul_xw/ilp32e\libgcc.a(mulsf3.o)
 .riscv.attributes
                0x000000000000038e       0x30 e:/mounriver_studio2/resources/app/resources/win32/components/wch/toolchain/risc-v embedded gcc12/bin/../lib/gcc/riscv-wch-elf/12.2.0/rv32ec_zmmul_xw/ilp32e\libgcc.a(subsf3.o)
 .riscv.attributes
                0x00000000000003be       0x30 e:/mounriver_studio2/resources/app/resources/win32/components/wch/toolchain/risc-v embedded gcc12/bin/../lib/gcc/riscv-wch-elf/12.2.0/rv32ec_zmmul_xw/ilp32e\libgcc.a(fixunssfsi.o)
 .riscv.attributes
                0x00000000000003ee       0x30 e:/mounriver_studio2/resources/app/resources/win32/components/wch/toolchain/risc-v embedded gcc12/bin/../lib/gcc/riscv-wch-elf/12.2.0/rv32ec_zmmul_xw/ilp32e\libgcc.a(floatsisf.o)
 .riscv.attributes
                0x000000000000041e       0x30 e:/mounriver_studio2/resources/app/resources/win32/components/wch/toolchain/risc-v embedded gcc12/bin/../lib/gcc/riscv-wch-elf/12.2.0/rv32ec_zmmul_xw/ilp32e\libgcc.a(floatunsisf.o)
 .riscv.attributes
                0x000000000000044e       0x2e e:/mounriver_studio2/resources/app/resources/win32/components/wch/toolchain/risc-v embedded gcc12/bin/../lib/gcc/riscv-wch-elf/12.2.0/rv32ec_zmmul_xw/ilp32e\libgcc.a(save-restore.o)
 .riscv.attributes
                0x000000000000047c       0x2e e:/mounriver_studio2/resources/app/resources/win32/components/wch/toolchain/risc-v embedded gcc12/bin/../lib/gcc/riscv-wch-elf/12.2.0/rv32ec_zmmul_xw/ilp32e\libgcc.a(div.o)
 .riscv.attributes
                0x00000000000004aa       0x30 e:/mounriver_studio2/resources/app/resources/win32/components/wch/toolchain/risc-v embedded gcc12/bin/../lib/gcc/riscv-wch-elf/12.2.0/rv32ec_zmmul_xw/ilp32e\libgcc.a(_clzsi2.o)
 .riscv.attributes
                0x00000000000004da       0x30 e:/mounriver_studio2/resources/app/resources/win32/components/wch/toolchain/risc-v embedded gcc12/bin/../lib/gcc/riscv-wch-elf/12.2.0/rv32ec_zmmul_xw/ilp32e\libgcc.a(_clz.o)
 .riscv.attributes
                0x000000000000050a       0x2e e:/mounriver_studio2/resources/app/resources/win32/components/wch/toolchain/risc-v embedded gcc12/bin/../lib/gcc/riscv-wch-elf/12.2.0/../../../../riscv-wch-elf/lib/rv32ec_zmmul_xw/ilp32e\libg_nano.a(lib_a-memset.o)

.debug_frame    0x0000000000000000     0x171c
 .debug_frame   0x0000000000000000      0x318 ./User/OLED.o
 .debug_frame   0x0000000000000318       0x30 ./User/ch32v00X_it.o
 .debug_frame   0x0000000000000348      0x100 ./User/main.o
 .debug_frame   0x0000000000000448       0x4c ./User/system_ch32v00X.o
 .debug_frame   0x0000000000000494      0x2fc ./Peripheral/src/ch32v00X_adc.o
 .debug_frame   0x0000000000000790       0xc0 ./Peripheral/src/ch32v00X_dma.o
 .debug_frame   0x0000000000000850      0x2e8 ./Peripheral/src/ch32v00X_flash.o
 .debug_frame   0x0000000000000b38      0x158 ./Peripheral/src/ch32v00X_gpio.o
 .debug_frame   0x0000000000000c90       0x30 ./Peripheral/src/ch32v00X_misc.o
 .debug_frame   0x0000000000000cc0      0x160 ./Peripheral/src/ch32v00X_opa.o
 .debug_frame   0x0000000000000e20      0x210 ./Peripheral/src/ch32v00X_rcc.o
 .debug_frame   0x0000000000001030      0x628 ./Peripheral/src/ch32v00X_tim.o
 .debug_frame   0x0000000000001658       0xc4 ./Debug/debug.o
